AR procesador2 arq_procesador2 D:/Proyectos_Xilinx/Procesador3ConConexxion/procesador2.vhd sub00/vhpl23 1525636466
EN psr NULL D:/Proyectos_Xilinx/Procesador3ConConexxion/PSR.vhd sub00/vhpl20 1525636463
AR instruction_memory_im behavioral D:/Proyectos_Xilinx/Procesador3ConConexxion/instruction_memory_IM.vhd sub00/vhpl07 1525636450
AR npc behavioral D:/Proyectos_Xilinx/Procesador3ConConexxion/nPc.vhd sub00/vhpl03 1525636446
AR mux_multiplexor behavioral D:/Proyectos_Xilinx/Procesador3ConConexxion/MUX_multiplexor.vhd sub00/vhpl13 1525636456
AR sumador behavioral D:/Proyectos_Xilinx/Procesador3ConConexxion/sumador.vhd sub00/vhpl01 1525636444
AR register_file_rf behavioral D:/Proyectos_Xilinx/Procesador3ConConexxion/register_file_RF.vhd sub00/vhpl11 1525636454
EN register_file_rf NULL D:/Proyectos_Xilinx/Procesador3ConConexxion/register_file_RF.vhd sub00/vhpl10 1525636453
AR psr_modifier behavioral D:/Proyectos_Xilinx/Procesador3ConConexxion/PSR_modifier.vhd sub00/vhpl19 1525636462
AR uc behavioral D:/Proyectos_Xilinx/Procesador3ConConexxion/UC.vhd sub00/vhpl09 1525636452
EN uc NULL D:/Proyectos_Xilinx/Procesador3ConConexxion/UC.vhd sub00/vhpl08 1525636451
EN procesador2 NULL D:/Proyectos_Xilinx/Procesador3ConConexxion/procesador2.vhd sub00/vhpl22 1525636465
AR psr behavioral D:/Proyectos_Xilinx/Procesador3ConConexxion/PSR.vhd sub00/vhpl21 1525636464
EN npc NULL D:/Proyectos_Xilinx/Procesador3ConConexxion/nPc.vhd sub00/vhpl02 1525636445
EN psr_modifier NULL D:/Proyectos_Xilinx/Procesador3ConConexxion/PSR_modifier.vhd sub00/vhpl18 1525636461
EN instruction_memory_im NULL D:/Proyectos_Xilinx/Procesador3ConConexxion/instruction_memory_IM.vhd sub00/vhpl06 1525636449
EN progam_counter_pc NULL D:/Proyectos_Xilinx/Procesador3ConConexxion/progam_counter_PC.vhd sub00/vhpl04 1525636447
AR seu_unidad_extension_signo behavioral D:/Proyectos_Xilinx/Procesador3ConConexxion/SEU_unidad_extension_signo.vhd sub00/vhpl15 1525636458
AR alu behavioral D:/Proyectos_Xilinx/Procesador3ConConexxion/ALU.vhd sub00/vhpl17 1525636460
EN sumador NULL D:/Proyectos_Xilinx/Procesador3ConConexxion/sumador.vhd sub00/vhpl00 1525636443
AR progam_counter_pc behavioral D:/Proyectos_Xilinx/Procesador3ConConexxion/progam_counter_PC.vhd sub00/vhpl05 1525636448
EN seu_unidad_extension_signo NULL D:/Proyectos_Xilinx/Procesador3ConConexxion/SEU_unidad_extension_signo.vhd sub00/vhpl14 1525636457
EN alu NULL D:/Proyectos_Xilinx/Procesador3ConConexxion/ALU.vhd sub00/vhpl16 1525636459
EN mux_multiplexor NULL D:/Proyectos_Xilinx/Procesador3ConConexxion/MUX_multiplexor.vhd sub00/vhpl12 1525636455
