V3 47
FL D:/Proyectos_Xilinx/Procesador3ConConexxion/ALU.vhd 2018/05/06.14:00:26 P.58f
EN work/ALU 1525636459 FL D:/Proyectos_Xilinx/Procesador3ConConexxion/ALU.vhd \
      PB ieee/std_logic_1164 1364358218 PB ieee/std_logic_arith 1364358219 \
      PB ieee/STD_LOGIC_UNSIGNED 1364358221 PB ieee/NUMERIC_STD 1364358223
AR work/ALU/Behavioral 1525636460 \
      FL D:/Proyectos_Xilinx/Procesador3ConConexxion/ALU.vhd EN work/ALU 1525636459
FL D:/Proyectos_Xilinx/Procesador3ConConexxion/instruction_memory_IM.vhd 2018/04/24.16:08:31 P.58f
EN work/instruction_memory_IM 1525636449 \
      FL D:/Proyectos_Xilinx/Procesador3ConConexxion/instruction_memory_IM.vhd \
      PB ieee/std_logic_1164 1364358218 PB ieee/STD_LOGIC_UNSIGNED 1364358221 \
      PB std/TEXTIO 1364358218
AR work/instruction_memory_IM/Behavioral 1525636450 \
      FL D:/Proyectos_Xilinx/Procesador3ConConexxion/instruction_memory_IM.vhd \
      EN work/instruction_memory_IM 1525636449
FL D:/Proyectos_Xilinx/Procesador3ConConexxion/MUX_multiplexor.vhd 2018/04/16.23:27:23 P.58f
EN work/MUX_multiplexor 1525636455 \
      FL D:/Proyectos_Xilinx/Procesador3ConConexxion/MUX_multiplexor.vhd \
      PB ieee/std_logic_1164 1364358218
AR work/MUX_multiplexor/Behavioral 1525636456 \
      FL D:/Proyectos_Xilinx/Procesador3ConConexxion/MUX_multiplexor.vhd \
      EN work/MUX_multiplexor 1525636455
FL D:/Proyectos_Xilinx/Procesador3ConConexxion/nPc.vhd 2018/04/23.20:58:52 P.58f
EN work/nPc 1525636445 FL D:/Proyectos_Xilinx/Procesador3ConConexxion/nPc.vhd \
      PB ieee/std_logic_1164 1364358218
AR work/nPc/Behavioral 1525636446 \
      FL D:/Proyectos_Xilinx/Procesador3ConConexxion/nPc.vhd EN work/nPc 1525636445
FL D:/Proyectos_Xilinx/Procesador3ConConexxion/procesador2.vhd 2018/05/02.23:33:45 P.58f
EN work/procesador2 1525636465 \
      FL D:/Proyectos_Xilinx/Procesador3ConConexxion/procesador2.vhd \
      PB ieee/std_logic_1164 1364358218
AR work/procesador2/arq_Procesador2 1525636466 \
      FL D:/Proyectos_Xilinx/Procesador3ConConexxion/procesador2.vhd \
      EN work/procesador2 1525636465 CP sumador CP nPc CP progam_counter_PC \
      CP instruction_memory_IM CP UC CP register_file_RF CP MUX_multiplexor \
      CP SEU_unidad_extension_signo CP ALU CP PSR_modifier CP PSR
FL D:/Proyectos_Xilinx/Procesador3ConConexxion/progam_counter_PC.vhd 2018/04/24.16:30:25 P.58f
EN work/progam_counter_PC 1525636447 \
      FL D:/Proyectos_Xilinx/Procesador3ConConexxion/progam_counter_PC.vhd \
      PB ieee/std_logic_1164 1364358218
AR work/progam_counter_PC/Behavioral 1525636448 \
      FL D:/Proyectos_Xilinx/Procesador3ConConexxion/progam_counter_PC.vhd \
      EN work/progam_counter_PC 1525636447
FL D:/Proyectos_Xilinx/Procesador3ConConexxion/PSR.vhd 2018/04/30.19:51:50 P.58f
EN work/PSR 1525636463 FL D:/Proyectos_Xilinx/Procesador3ConConexxion/PSR.vhd \
      PB ieee/std_logic_1164 1364358218
AR work/PSR/Behavioral 1525636464 \
      FL D:/Proyectos_Xilinx/Procesador3ConConexxion/PSR.vhd EN work/PSR 1525636463
FL D:/Proyectos_Xilinx/Procesador3ConConexxion/PSR_modifier.vhd 2018/05/06.14:49:50 P.58f
EN work/PSR_modifier 1525636461 \
      FL D:/Proyectos_Xilinx/Procesador3ConConexxion/PSR_modifier.vhd \
      PB ieee/std_logic_1164 1364358218
AR work/PSR_modifier/Behavioral 1525636462 \
      FL D:/Proyectos_Xilinx/Procesador3ConConexxion/PSR_modifier.vhd \
      EN work/PSR_modifier 1525636461
FL D:/Proyectos_Xilinx/Procesador3ConConexxion/register_file_RF.vhd 2018/04/24.16:47:22 P.58f
EN work/register_file_RF 1525636453 \
      FL D:/Proyectos_Xilinx/Procesador3ConConexxion/register_file_RF.vhd \
      PB ieee/std_logic_1164 1364358218 PB ieee/STD_LOGIC_UNSIGNED 1364358221
AR work/register_file_RF/Behavioral 1525636454 \
      FL D:/Proyectos_Xilinx/Procesador3ConConexxion/register_file_RF.vhd \
      EN work/register_file_RF 1525636453
FL D:/Proyectos_Xilinx/Procesador3ConConexxion/SEU_unidad_extension_signo.vhd 2018/04/17.13:30:57 P.58f
EN work/SEU_unidad_extension_signo 1525636457 \
      FL D:/Proyectos_Xilinx/Procesador3ConConexxion/SEU_unidad_extension_signo.vhd \
      PB ieee/std_logic_1164 1364358218
AR work/SEU_unidad_extension_signo/Behavioral 1525636458 \
      FL D:/Proyectos_Xilinx/Procesador3ConConexxion/SEU_unidad_extension_signo.vhd \
      EN work/SEU_unidad_extension_signo 1525636457
FL D:/Proyectos_Xilinx/Procesador3ConConexxion/sumador.vhd 2018/04/09.23:22:34 P.58f
EN work/sumador 1525636443 \
      FL D:/Proyectos_Xilinx/Procesador3ConConexxion/sumador.vhd \
      PB ieee/std_logic_1164 1364358218 PB ieee/NUMERIC_STD 1364358223 \
      PB ieee/STD_LOGIC_UNSIGNED 1364358221
AR work/sumador/Behavioral 1525636444 \
      FL D:/Proyectos_Xilinx/Procesador3ConConexxion/sumador.vhd EN work/sumador 1525636443
FL D:/Proyectos_Xilinx/Procesador3ConConexxion/UC.vhd 2018/05/06.13:30:34 P.58f
EN work/UC 1525636451 FL D:/Proyectos_Xilinx/Procesador3ConConexxion/UC.vhd \
      PB ieee/std_logic_1164 1364358218
AR work/UC/Behavioral 1525636452 \
      FL D:/Proyectos_Xilinx/Procesador3ConConexxion/UC.vhd EN work/UC 1525636451
